[INFO] Scanning for projects...
[INFO] 
[INFO] ------------------< com.flightapp:flight-booking-app >------------------
[INFO] Building flight-booking-app 0.0.1-SNAPSHOT
[INFO]   from pom.xml
[INFO] --------------------------------[ jar ]---------------------------------
[INFO] 
[INFO] --- clean:3.4.0:clean (default-clean) @ flight-booking-app ---
[INFO] Deleting D:\Projects\For resume\Fast API microservices\FlightBookingApp\target
[INFO] ------------------------------------------------------------------------
[INFO] BUILD FAILURE
[INFO] ------------------------------------------------------------------------
[INFO] Total time:  4.122 s
[INFO] Finished at: 2026-02-21T11:05:56+05:30
[INFO] ------------------------------------------------------------------------
[ERROR] Failed to execute goal org.apache.maven.plugins:maven-clean-plugin:3.4.0:clean (default-clean) on project flight-booking-app: Failed to clean project: Failed to delete D:\Projects\For resume\Fast API microservices\FlightBookingApp\target\flight-booking-app-0.0.1-SNAPSHOT.jar -> [Help 1]
[ERROR] 
[ERROR] To see the full stack trace of the errors, re-run Maven with the -e switch.
[ERROR] Re-run Maven using the -X switch to enable full debug logging.
[ERROR] 
[ERROR] For more information about the errors and possible solutions, please read the following articles:
[ERROR] [Help 1] http://cwiki.apache.org/confluence/display/MAVEN/MojoExecutionException
