[INFO] Scanning for projects...
[INFO] 
[INFO] ------------------< com.flightapp:flight-booking-app >------------------
[INFO] Building flight-booking-app 0.0.1-SNAPSHOT
[INFO]   from pom.xml
[INFO] --------------------------------[ jar ]---------------------------------
[INFO] 
[INFO] --- resources:3.3.1:resources (default-resources) @ flight-booking-app ---
[INFO] Copying 1 resource from src\main\resources to target\classes
[INFO] Copying 8 resources from src\main\resources to target\classes
[INFO] 
[INFO] --- compiler:3.13.0:compile (default-compile) @ flight-booking-app ---
[INFO] Nothing to compile - all classes are up to date.
[INFO] 
[INFO] --- resources:3.3.1:testResources (default-testResources) @ flight-booking-app ---
[INFO] skip non existing resourceDirectory D:\Projects\For resume\Fast API microservices\FlightBookingApp\src\test\resources
[INFO] 
[INFO] --- compiler:3.13.0:testCompile (default-testCompile) @ flight-booking-app ---
[INFO] No sources to compile
[INFO] 
[INFO] --- surefire:3.5.2:test (default-test) @ flight-booking-app ---
[INFO] Tests are skipped.
[INFO] 
[INFO] --- jar:3.4.2:jar (default-jar) @ flight-booking-app ---
[INFO] 
[INFO] --- spring-boot:3.4.2:repackage (repackage) @ flight-booking-app ---
[INFO] ------------------------------------------------------------------------
[INFO] BUILD FAILURE
[INFO] ------------------------------------------------------------------------
[INFO] Total time:  6.955 s
[INFO] Finished at: 2026-02-21T11:08:09+05:30
[INFO] ------------------------------------------------------------------------
[ERROR] Failed to execute goal org.springframework.boot:spring-boot-maven-plugin:3.4.2:repackage (repackage) on project flight-booking-app: Execution repackage of goal org.springframework.boot:spring-boot-maven-plugin:3.4.2:repackage failed: Unable to rename 'D:\Projects\For resume\Fast API microservices\FlightBookingApp\target\flight-booking-app-0.0.1-SNAPSHOT.jar' to 'D:\Projects\For resume\Fast API microservices\FlightBookingApp\target\flight-booking-app-0.0.1-SNAPSHOT.jar.original' -> [Help 1]
[ERROR] 
[ERROR] To see the full stack trace of the errors, re-run Maven with the -e switch.
[ERROR] Re-run Maven using the -X switch to enable full debug logging.
[ERROR] 
[ERROR] For more information about the errors and possible solutions, please read the following articles:
[ERROR] [Help 1] http://cwiki.apache.org/confluence/display/MAVEN/PluginExecutionException
